  姝ｅ湪纭畾瑕佽繕鍘熺殑椤圭洰鈥?
  鎵€鏈夐」鐩潎鏄渶鏂扮殑锛屾棤娉曡繕鍘熴€?
  ConjureBrowser.AI -> D:\Conjure_AI_Browser\src\ConjureBrowser.AI\bin\Debug\net8.0\ConjureBrowser.AI.dll
  ConjureBrowser.Core -> D:\Conjure_AI_Browser\src\ConjureBrowser.Core\bin\Debug\net8.0\ConjureBrowser.Core.dll
D:\Conjure_AI_Browser\src\ConjureBrowser.App\Services\FindInPageManager.cs(63,17): error CS1501: 鈥淔ind鈥濇柟娉曟病鏈夐噰鐢?5 涓弬鏁扮殑閲嶈浇 [D:\Conjure_AI_Browser\src\ConjureBrowser.App\ConjureBrowser.App.csproj]
D:\Conjure_AI_Browser\src\ConjureBrowser.App\Services\FindInPageManager.cs(75,17): error CS1501: 鈥淔ind鈥濇柟娉曟病鏈夐噰鐢?5 涓弬鏁扮殑閲嶈浇 [D:\Conjure_AI_Browser\src\ConjureBrowser.App\ConjureBrowser.App.csproj]

鐢熸垚澶辫触銆?

D:\Conjure_AI_Browser\src\ConjureBrowser.App\Services\FindInPageManager.cs(63,17): error CS1501: 鈥淔ind鈥濇柟娉曟病鏈夐噰鐢?5 涓弬鏁扮殑閲嶈浇 [D:\Conjure_AI_Browser\src\ConjureBrowser.App\ConjureBrowser.App.csproj]
D:\Conjure_AI_Browser\src\ConjureBrowser.App\Services\FindInPageManager.cs(75,17): error CS1501: 鈥淔ind鈥濇柟娉曟病鏈夐噰鐢?5 涓弬鏁扮殑閲嶈浇 [D:\Conjure_AI_Browser\src\ConjureBrowser.App\ConjureBrowser.App.csproj]
    0 涓鍛?
    2 涓敊璇?

宸茬敤鏃堕棿 00:00:00.89
